Main Memory Contents:

0		: 98
1		: 78
2		: 45
3		: 36
4		: 5
5		: 5
6		: 2
7		: 2
